    Finished `dev` profile [unoptimized + debuginfo] target(s) in 0.13s
     Running `/Users/haiko/code/polkadot/litep2p-perf/target/debug/libp2p-perf client --server-address '/ip6/::1/tcp/33333/p2p/12D3KooWBpZHDZu7YSbvPaPXKhkRNJvR7MkTJMQQAVBKx9mCqz3q' --upload-bytes 268435456 --download-bytes 268435456`
2026-01-19T06:45:08.680913Z  INFO libp2p_swarm: local_peer_id=12D3KooWSVkkfPojycnbgVHneaS1GjE8RFNwGcN4Qgc5333of713
2026-01-19T06:45:08.682481Z DEBUG Transport::dial{address=/ip6/::1/tcp/33333/p2p/12D3KooWBpZHDZu7YSbvPaPXKhkRNJvR7MkTJMQQAVBKx9mCqz3q}: libp2p_dns: Dialing address address=/ip6/::1/tcp/33333/p2p/12D3KooWBpZHDZu7YSbvPaPXKhkRNJvR7MkTJMQQAVBKx9mCqz3q
2026-01-19T06:45:08.682587Z DEBUG Transport::dial{address=/ip6/::1/tcp/33333/p2p/12D3KooWBpZHDZu7YSbvPaPXKhkRNJvR7MkTJMQQAVBKx9mCqz3q}: libp2p_tcp: dialing address address=[::1]:33333
2026-01-19T06:45:08.683125Z DEBUG Transport::dial{address=/ip6/::1/tcp/33333/p2p/12D3KooWBpZHDZu7YSbvPaPXKhkRNJvR7MkTJMQQAVBKx9mCqz3q}: multistream_select::dialer_select: Dialer: Proposed protocol protocol=/noise
2026-01-19T06:45:08.683141Z DEBUG Transport::dial{address=/ip6/::1/tcp/33333/p2p/12D3KooWBpZHDZu7YSbvPaPXKhkRNJvR7MkTJMQQAVBKx9mCqz3q}: multistream_select::dialer_select: Dialer: Expecting proposed protocol protocol=/noise
2026-01-19T06:45:08.684552Z DEBUG Transport::dial{address=/ip6/::1/tcp/33333/p2p/12D3KooWBpZHDZu7YSbvPaPXKhkRNJvR7MkTJMQQAVBKx9mCqz3q}: multistream_select::negotiated: Negotiated: Received confirmation for protocol protocol=/noise
2026-01-19T06:45:08.689635Z DEBUG Transport::dial{address=/ip6/::1/tcp/33333/p2p/12D3KooWBpZHDZu7YSbvPaPXKhkRNJvR7MkTJMQQAVBKx9mCqz3q}: multistream_select::dialer_select: Dialer: Proposed protocol protocol=/yamux/1.0.0
2026-01-19T06:45:08.689651Z DEBUG Transport::dial{address=/ip6/::1/tcp/33333/p2p/12D3KooWBpZHDZu7YSbvPaPXKhkRNJvR7MkTJMQQAVBKx9mCqz3q}: multistream_select::dialer_select: Dialer: Expecting proposed protocol protocol=/yamux/1.0.0
2026-01-19T06:45:08.689839Z DEBUG Transport::dial{address=/ip6/::1/tcp/33333/p2p/12D3KooWBpZHDZu7YSbvPaPXKhkRNJvR7MkTJMQQAVBKx9mCqz3q}: yamux::connection: new connection: dfc3b7d9 (Client)    
2026-01-19T06:45:08.690094Z DEBUG Swarm::poll: libp2p_swarm: Connection established peer=12D3KooWBpZHDZu7YSbvPaPXKhkRNJvR7MkTJMQQAVBKx9mCqz3q endpoint=Dialer { address: /ip6/::1/tcp/33333/p2p/12D3KooWBpZHDZu7YSbvPaPXKhkRNJvR7MkTJMQQAVBKx9mCqz3q, role_override: Dialer, port_use: Reuse } total_peers=1
2026-01-19T06:45:08.690134Z DEBUG new_established_connection{remote_addr=/ip6/::1/tcp/33333/p2p/12D3KooWBpZHDZu7YSbvPaPXKhkRNJvR7MkTJMQQAVBKx9mCqz3q id=1 peer=12D3KooWBpZHDZu7YSbvPaPXKhkRNJvR7MkTJMQQAVBKx9mCqz3q}:Connection::poll: yamux::connection::rtt: sending ping 394737157    
2026-01-19T06:45:08.690148Z  INFO libp2p_perf: Event: Some(ConnectionEstablished { peer_id: PeerId("12D3KooWBpZHDZu7YSbvPaPXKhkRNJvR7MkTJMQQAVBKx9mCqz3q"), connection_id: ConnectionId(1), endpoint: Dialer { address: /ip6/::1/tcp/33333/p2p/12D3KooWBpZHDZu7YSbvPaPXKhkRNJvR7MkTJMQQAVBKx9mCqz3q, role_override: Dialer, port_use: Reuse }, num_established: 1, concurrent_dial_errors: Some([]), established_in: 7.777291ms })
2026-01-19T06:45:08.690293Z DEBUG new_established_connection{remote_addr=/ip6/::1/tcp/33333/p2p/12D3KooWBpZHDZu7YSbvPaPXKhkRNJvR7MkTJMQQAVBKx9mCqz3q id=1 peer=12D3KooWBpZHDZu7YSbvPaPXKhkRNJvR7MkTJMQQAVBKx9mCqz3q}:Connection::poll: yamux::connection: dfc3b7d9: new outbound (Stream dfc3b7d9/1) of (Connection dfc3b7d9 Client (streams 0))    
2026-01-19T06:45:08.690348Z DEBUG new_established_connection{remote_addr=/ip6/::1/tcp/33333/p2p/12D3KooWBpZHDZu7YSbvPaPXKhkRNJvR7MkTJMQQAVBKx9mCqz3q id=1 peer=12D3KooWBpZHDZu7YSbvPaPXKhkRNJvR7MkTJMQQAVBKx9mCqz3q}:Connection::poll: multistream_select::dialer_select: Dialer: Proposed protocol protocol=/litep2p-perf/1.0.0
2026-01-19T06:45:08.690415Z DEBUG new_established_connection{remote_addr=/ip6/::1/tcp/33333/p2p/12D3KooWBpZHDZu7YSbvPaPXKhkRNJvR7MkTJMQQAVBKx9mCqz3q id=1 peer=12D3KooWBpZHDZu7YSbvPaPXKhkRNJvR7MkTJMQQAVBKx9mCqz3q}:Connection::poll: multistream_select::negotiated: Negotiated: Received confirmation for protocol protocol=/yamux/1.0.0
2026-01-19T06:45:08.690668Z DEBUG new_established_connection{remote_addr=/ip6/::1/tcp/33333/p2p/12D3KooWBpZHDZu7YSbvPaPXKhkRNJvR7MkTJMQQAVBKx9mCqz3q id=1 peer=12D3KooWBpZHDZu7YSbvPaPXKhkRNJvR7MkTJMQQAVBKx9mCqz3q}:Connection::poll: yamux::connection::rtt: received pong 394737157, estimated round-trip-time 531.917µs    
2026-01-19T06:45:08.690859Z DEBUG new_established_connection{remote_addr=/ip6/::1/tcp/33333/p2p/12D3KooWBpZHDZu7YSbvPaPXKhkRNJvR7MkTJMQQAVBKx9mCqz3q id=1 peer=12D3KooWBpZHDZu7YSbvPaPXKhkRNJvR7MkTJMQQAVBKx9mCqz3q}:Connection::poll: multistream_select::dialer_select: Dialer: Received confirmation for protocol protocol=/litep2p-perf/1.0.0
2026-01-19T06:45:11.532248Z  INFO new_established_connection{remote_addr=/ip6/::1/tcp/33333/p2p/12D3KooWBpZHDZu7YSbvPaPXKhkRNJvR7MkTJMQQAVBKx9mCqz3q id=1 peer=12D3KooWBpZHDZu7YSbvPaPXKhkRNJvR7MkTJMQQAVBKx9mCqz3q}:Connection::poll: litep2p-perf: Uploaded 256.00 MiB bytes in 2.8413s bandwidth 720.79 Mbit/s
2026-01-19T06:45:11.550586Z DEBUG new_established_connection{remote_addr=/ip6/::1/tcp/33333/p2p/12D3KooWBpZHDZu7YSbvPaPXKhkRNJvR7MkTJMQQAVBKx9mCqz3q id=1 peer=12D3KooWBpZHDZu7YSbvPaPXKhkRNJvR7MkTJMQQAVBKx9mCqz3q}:Connection::poll: yamux::connection::stream::flow_control: old window_max: 0.25 mb, new window_max: 0.5 mb    
2026-01-19T06:45:13.917426Z DEBUG Swarm::poll: libp2p_swarm: Connection closed with error IO(Custom { kind: Other, error: Error(Right(Closed)) }): Connected { endpoint: Dialer { address: /ip6/::1/tcp/33333/p2p/12D3KooWBpZHDZu7YSbvPaPXKhkRNJvR7MkTJMQQAVBKx9mCqz3q, role_override: Dialer, port_use: Reuse }, peer_id: PeerId("12D3KooWBpZHDZu7YSbvPaPXKhkRNJvR7MkTJMQQAVBKx9mCqz3q") } total_peers=0
2026-01-19T06:45:13.917493Z  INFO libp2p_perf: Event: Some(ConnectionClosed { peer_id: PeerId("12D3KooWBpZHDZu7YSbvPaPXKhkRNJvR7MkTJMQQAVBKx9mCqz3q"), connection_id: ConnectionId(1), endpoint: Dialer { address: /ip6/::1/tcp/33333/p2p/12D3KooWBpZHDZu7YSbvPaPXKhkRNJvR7MkTJMQQAVBKx9mCqz3q, role_override: Dialer, port_use: Reuse }, num_established: 0, cause: Some(IO(Custom { kind: Other, error: Error(Right(Closed)) })) })
