    Finished `dev` profile [unoptimized + debuginfo] target(s) in 0.13s
     Running `/Users/haiko/code/polkadot/litep2p-perf/target/debug/libp2p-perf client --server-address '/ip6/::1/tcp/33333/p2p/12D3KooWBpZHDZu7YSbvPaPXKhkRNJvR7MkTJMQQAVBKx9mCqz3q' --upload-bytes 134217728 --download-bytes 134217728`
2026-01-19T06:45:05.115530Z  INFO libp2p_swarm: local_peer_id=12D3KooWAsAcniGTXDmCnHvV9AfSpVDDsiJ9h6ypGY3SEYPy8w3X
2026-01-19T06:45:05.117220Z DEBUG Transport::dial{address=/ip6/::1/tcp/33333/p2p/12D3KooWBpZHDZu7YSbvPaPXKhkRNJvR7MkTJMQQAVBKx9mCqz3q}: libp2p_dns: Dialing address address=/ip6/::1/tcp/33333/p2p/12D3KooWBpZHDZu7YSbvPaPXKhkRNJvR7MkTJMQQAVBKx9mCqz3q
2026-01-19T06:45:05.117278Z DEBUG Transport::dial{address=/ip6/::1/tcp/33333/p2p/12D3KooWBpZHDZu7YSbvPaPXKhkRNJvR7MkTJMQQAVBKx9mCqz3q}: libp2p_tcp: dialing address address=[::1]:33333
2026-01-19T06:45:05.117773Z DEBUG Transport::dial{address=/ip6/::1/tcp/33333/p2p/12D3KooWBpZHDZu7YSbvPaPXKhkRNJvR7MkTJMQQAVBKx9mCqz3q}: multistream_select::dialer_select: Dialer: Proposed protocol protocol=/noise
2026-01-19T06:45:05.117789Z DEBUG Transport::dial{address=/ip6/::1/tcp/33333/p2p/12D3KooWBpZHDZu7YSbvPaPXKhkRNJvR7MkTJMQQAVBKx9mCqz3q}: multistream_select::dialer_select: Dialer: Expecting proposed protocol protocol=/noise
2026-01-19T06:45:05.118898Z DEBUG Transport::dial{address=/ip6/::1/tcp/33333/p2p/12D3KooWBpZHDZu7YSbvPaPXKhkRNJvR7MkTJMQQAVBKx9mCqz3q}: multistream_select::negotiated: Negotiated: Received confirmation for protocol protocol=/noise
2026-01-19T06:45:05.123716Z DEBUG Transport::dial{address=/ip6/::1/tcp/33333/p2p/12D3KooWBpZHDZu7YSbvPaPXKhkRNJvR7MkTJMQQAVBKx9mCqz3q}: multistream_select::dialer_select: Dialer: Proposed protocol protocol=/yamux/1.0.0
2026-01-19T06:45:05.123740Z DEBUG Transport::dial{address=/ip6/::1/tcp/33333/p2p/12D3KooWBpZHDZu7YSbvPaPXKhkRNJvR7MkTJMQQAVBKx9mCqz3q}: multistream_select::dialer_select: Dialer: Expecting proposed protocol protocol=/yamux/1.0.0
2026-01-19T06:45:05.123944Z DEBUG Transport::dial{address=/ip6/::1/tcp/33333/p2p/12D3KooWBpZHDZu7YSbvPaPXKhkRNJvR7MkTJMQQAVBKx9mCqz3q}: yamux::connection: new connection: 785ca8c7 (Client)    
2026-01-19T06:45:05.124206Z DEBUG Swarm::poll: libp2p_swarm: Connection established peer=12D3KooWBpZHDZu7YSbvPaPXKhkRNJvR7MkTJMQQAVBKx9mCqz3q endpoint=Dialer { address: /ip6/::1/tcp/33333/p2p/12D3KooWBpZHDZu7YSbvPaPXKhkRNJvR7MkTJMQQAVBKx9mCqz3q, role_override: Dialer, port_use: Reuse } total_peers=1
2026-01-19T06:45:05.124258Z DEBUG new_established_connection{remote_addr=/ip6/::1/tcp/33333/p2p/12D3KooWBpZHDZu7YSbvPaPXKhkRNJvR7MkTJMQQAVBKx9mCqz3q id=1 peer=12D3KooWBpZHDZu7YSbvPaPXKhkRNJvR7MkTJMQQAVBKx9mCqz3q}:Connection::poll: yamux::connection::rtt: sending ping 2573024260    
2026-01-19T06:45:05.124264Z  INFO libp2p_perf: Event: Some(ConnectionEstablished { peer_id: PeerId("12D3KooWBpZHDZu7YSbvPaPXKhkRNJvR7MkTJMQQAVBKx9mCqz3q"), connection_id: ConnectionId(1), endpoint: Dialer { address: /ip6/::1/tcp/33333/p2p/12D3KooWBpZHDZu7YSbvPaPXKhkRNJvR7MkTJMQQAVBKx9mCqz3q, role_override: Dialer, port_use: Reuse }, num_established: 1, concurrent_dial_errors: Some([]), established_in: 7.14425ms })
2026-01-19T06:45:05.124410Z DEBUG new_established_connection{remote_addr=/ip6/::1/tcp/33333/p2p/12D3KooWBpZHDZu7YSbvPaPXKhkRNJvR7MkTJMQQAVBKx9mCqz3q id=1 peer=12D3KooWBpZHDZu7YSbvPaPXKhkRNJvR7MkTJMQQAVBKx9mCqz3q}:Connection::poll: yamux::connection: 785ca8c7: new outbound (Stream 785ca8c7/1) of (Connection 785ca8c7 Client (streams 0))    
2026-01-19T06:45:05.124459Z DEBUG new_established_connection{remote_addr=/ip6/::1/tcp/33333/p2p/12D3KooWBpZHDZu7YSbvPaPXKhkRNJvR7MkTJMQQAVBKx9mCqz3q id=1 peer=12D3KooWBpZHDZu7YSbvPaPXKhkRNJvR7MkTJMQQAVBKx9mCqz3q}:Connection::poll: multistream_select::dialer_select: Dialer: Proposed protocol protocol=/litep2p-perf/1.0.0
2026-01-19T06:45:05.124521Z DEBUG new_established_connection{remote_addr=/ip6/::1/tcp/33333/p2p/12D3KooWBpZHDZu7YSbvPaPXKhkRNJvR7MkTJMQQAVBKx9mCqz3q id=1 peer=12D3KooWBpZHDZu7YSbvPaPXKhkRNJvR7MkTJMQQAVBKx9mCqz3q}:Connection::poll: multistream_select::negotiated: Negotiated: Received confirmation for protocol protocol=/yamux/1.0.0
2026-01-19T06:45:05.124808Z DEBUG new_established_connection{remote_addr=/ip6/::1/tcp/33333/p2p/12D3KooWBpZHDZu7YSbvPaPXKhkRNJvR7MkTJMQQAVBKx9mCqz3q id=1 peer=12D3KooWBpZHDZu7YSbvPaPXKhkRNJvR7MkTJMQQAVBKx9mCqz3q}:Connection::poll: yamux::connection::rtt: received pong 2573024260, estimated round-trip-time 549.375µs    
2026-01-19T06:45:05.124977Z DEBUG new_established_connection{remote_addr=/ip6/::1/tcp/33333/p2p/12D3KooWBpZHDZu7YSbvPaPXKhkRNJvR7MkTJMQQAVBKx9mCqz3q id=1 peer=12D3KooWBpZHDZu7YSbvPaPXKhkRNJvR7MkTJMQQAVBKx9mCqz3q}:Connection::poll: multistream_select::dialer_select: Dialer: Received confirmation for protocol protocol=/litep2p-perf/1.0.0
2026-01-19T06:45:06.537989Z  INFO new_established_connection{remote_addr=/ip6/::1/tcp/33333/p2p/12D3KooWBpZHDZu7YSbvPaPXKhkRNJvR7MkTJMQQAVBKx9mCqz3q id=1 peer=12D3KooWBpZHDZu7YSbvPaPXKhkRNJvR7MkTJMQQAVBKx9mCqz3q}:Connection::poll: litep2p-perf: Uploaded 128.00 MiB bytes in 1.4129s bandwidth 724.73 Mbit/s
2026-01-19T06:45:06.541816Z DEBUG new_established_connection{remote_addr=/ip6/::1/tcp/33333/p2p/12D3KooWBpZHDZu7YSbvPaPXKhkRNJvR7MkTJMQQAVBKx9mCqz3q id=1 peer=12D3KooWBpZHDZu7YSbvPaPXKhkRNJvR7MkTJMQQAVBKx9mCqz3q}:Connection::poll: yamux::connection::stream::flow_control: old window_max: 0.25 mb, new window_max: 0.5 mb    
2026-01-19T06:45:07.724700Z  INFO new_established_connection{remote_addr=/ip6/::1/tcp/33333/p2p/12D3KooWBpZHDZu7YSbvPaPXKhkRNJvR7MkTJMQQAVBKx9mCqz3q id=1 peer=12D3KooWBpZHDZu7YSbvPaPXKhkRNJvR7MkTJMQQAVBKx9mCqz3q}:Connection::poll: litep2p-perf: Downloaded 128.00 MiB bytes in 1.1867s bandwidth 862.92 Mbit/s
2026-01-19T06:45:07.724777Z  INFO libp2p_perf: Event: Some(Behaviour(Event { id: 1, result: Ok(()) }))
